Info -  API call: DeleteExitsInMovePlane(...)
Info -  API call: DeleteExit(...)
Info -  API call: DeleteMovePlane(...)
Info -  API call: DeleteFloor(...)
Info -  API call: PrepareMovePlaneBufForFloor(...)
Info -  API call: SetMovePlaneBufTitle(...)
Info -  API call: AddLinesToMovePlaneBuf(...)
Info -  API call: AddLinesToMovePlaneBuf(...)
Info -  API call: AddFloorFromMovePlaneBuf(...)
Info -  API call: AddExit(...)
Info -  API call: AddPersonAtPtWithCheck(...)
Info -  API call: AddPerson(...)
Info -  API call: AddPersonAtPtWithCheck(...)
Info -  API call: AddPerson(...)
Info -  API call: AddExit(...)
Info -  API call: AddPersonAtPtWithCheck(...)
Info -  API call: AddPerson(...)
Info -  API call: AddPersonAtPtWithCheck(...)
Info -  API call: AddPerson(...)
Info -  API call: AddPersonAtPtWithCheck(...)
Info -  API call: AddPerson(...)
Info -  API call: AddPersonAtPtWithCheck(...)
Info -  API call: AddPerson(...)
Info -  API call: AddPersonAtPtWithCheck(...)
Info -  API call: AddPerson(...)
Info -  API call: AddPersonAtPtWithCheck(...)
Info -  API call: AddPerson(...)
Info -  API call: AddPersonAtPtWithCheck(...)
Info -  API call: AddPerson(...)
Info -  API call: AddPersonAtPtWithCheck(...)
Info -  API call: AddPerson(...)
Info -  API call: AddPersonAtPtWithCheck(...)
Info -  API call: AddPerson(...)
Info -  API call: AddPersonAtPtWithCheck(...)
Info -  API call: AddPerson(...)
Info -  API call: AddPersonAtPtWithCheck(...)
Info -  API call: AddPerson(...)
Info -  API call: AddPersonAtPtWithCheck(...)
Info -  API call: AddPerson(...)
Info -  API call: AddPersonAtPtWithCheck(...)
Info -  API call: AddPerson(...)
Info -  API call: AddPersonAtPtWithCheck(...)
Info -  API call: AddPerson(...)
Info -  API call: AddPersonAtPtWithCheck(...)
Info -  API call: AddPerson(...)
Info -  API call: AddPersonAtPtWithCheck(...)
Info -  API call: AddPerson(...)
Info -  API call: AddExit(...)
Info -  API call: AddPersonAtPtWithCheck(...)
Info -  API call: AddPerson(...)
Info -  API call: AddPersonAtPtWithCheck(...)
Info -  API call: AddPerson(...)
Info -  API call: AddPersonAtPtWithCheck(...)
Info -  API call: AddPerson(...)
Info -  API call: AddPersonAtPtWithCheck(...)
Info -  API call: AddPerson(...)
Info -  API call: AddPersonAtPtWithCheck(...)
Info -  API call: AddPerson(...)
Info -  API call: AddPersonAtPtWithCheck(...)
Info -  API call: AddPerson(...)
Info -  API call: AddPersonAtPtWithCheck(...)
Info -  API call: AddPerson(...)
Info -  API call: AddPersonAtPtWithCheck(...)
Info -  API call: AddPerson(...)
Info -  API call: AddPersonAtPtWithCheck(...)
Info -  API call: AddPerson(...)
Info -  API call: AddPersonAtPtWithCheck(...)
Info -  API call: AddPerson(...)
Info -  API call: AddPersonAtPtWithCheck(...)
Info -  API call: AddPerson(...)
Info -  API call: AddPersonAtPtWithCheck(...)
Info -  API call: AddPerson(...)
Info -  API call: AddPersonAtPtWithCheck(...)
Info -  API call: AddPerson(...)
Info -  API call: AddPersonAtPtWithCheck(...)
Info -  API call: AddPerson(...)
Info -  API call: AddPersonAtPtWithCheck(...)
Info -  API call: AddPerson(...)
Info -  API call: AddPersonAtPtWithCheck(...)
Info -  API call: AddPerson(...)
Info -  API call: AddPersonAtPtWithCheck(...)
Info -  API call: AddPerson(...)
Info -  API call: AddPersonAtPtWithCheck(...)
Info -  API call: AddPerson(...)
Info -  API call: AddExit(...)
Info -  API call: AddPersonAtPtWithCheck(...)
Info -  API call: AddPerson(...)
Info -  API call: AddPersonAtPtWithCheck(...)
Info -  API call: AddPerson(...)
Info -  API call: AddPersonAtPtWithCheck(...)
Info -  API call: AddPerson(...)
Info -  API call: AddPersonAtPtWithCheck(...)
Info -  API call: AddPerson(...)
Info -  API call: AddPersonAtPtWithCheck(...)
Info -  API call: AddPerson(...)
Info -  API call: AddPersonAtPtWithCheck(...)
Info -  API call: AddPerson(...)
Info -  API call: AddPersonAtPtWithCheck(...)
Info -  API call: AddPerson(...)
Info -  API call: AddPersonAtPtWithCheck(...)
Info -  API call: AddPerson(...)
Info -  API call: AddPersonAtPtWithCheck(...)
Info -  API call: AddPerson(...)
Info -  API call: DeleteExitsInMovePlane(...)
Info -  API call: DeleteExit(...)
Info -  API call: DeleteExit(...)
Info -  API call: DeleteExit(...)
Info -  API call: DeleteExit(...)
Info -  API call: DeleteMovePlane(...)
Info -  API call: DeleteFloor(...)
Info -  API call: PrepareMovePlaneBufForFloor(...)
Info -  API call: SetMovePlaneBufTitle(...)
Info -  API call: AddLinesToMovePlaneBuf(...)
Info -  API call: AddLinesToMovePlaneBuf(...)
Info -  API call: AddFloorFromMovePlaneBuf(...)
Info -  API call: AddExit(...)
Info -  API call: AddPersonAtPtWithCheck(...)
Info -  API call: AddPerson(...)
Info -  API call: AddPersonAtPtWithCheck(...)
Info -  API call: AddPerson(...)
Info -  API call: AddPersonAtPtWithCheck(...)
Info -  API call: AddPerson(...)
Info -  API call: AddPersonAtPtWithCheck(...)
Info -  API call: AddPerson(...)
Info -  API call: AddPersonAtPtWithCheck(...)
Info -  API call: AddPerson(...)
Info -  API call: AddPersonAtPtWithCheck(...)
Info -  API call: AddPerson(...)
Info -  API call: AddPersonAtPtWithCheck(...)
Info -  API call: AddPerson(...)
Info -  API call: AddPersonAtPtWithCheck(...)
Info -  API call: AddPerson(...)
Info -  API call: AddExit(...)
Info -  API call: AddPersonAtPtWithCheck(...)
Info -  API call: AddPerson(...)
Info -  API call: AddPersonAtPtWithCheck(...)
Info -  API call: AddPerson(...)
Info -  API call: AddPersonAtPtWithCheck(...)
Info -  API call: AddPerson(...)
Info -  API call: AddPersonAtPtWithCheck(...)
Info -  API call: AddPerson(...)
Info -  API call: AddExit(...)
Info -  API call: AddPersonAtPtWithCheck(...)
Info -  API call: AddPerson(...)
Info -  API call: AddPersonAtPtWithCheck(...)
Info -  API call: AddPerson(...)
Info -  API call: AddPersonAtPtWithCheck(...)
Info -  API call: AddPerson(...)
Info -  API call: AddPersonAtPtWithCheck(...)
Info -  API call: AddPerson(...)
Info -  API call: AddPersonAtPtWithCheck(...)
Info -  API call: AddPerson(...)
Info -  API call: AddPersonAtPtWithCheck(...)
Info -  API call: AddPerson(...)
Info -  API call: AddPersonAtPtWithCheck(...)
Info -  API call: AddPerson(...)
Info -  API call: AddPersonAtPtWithCheck(...)
Info -  API call: AddPerson(...)
Info -  API call: AddPersonAtPtWithCheck(...)
Info -  API call: AddPerson(...)
Info -  API call: AddPersonAtPtWithCheck(...)
Info -  API call: AddPerson(...)
Info -  API call: AddPersonAtPtWithCheck(...)
Info -  API call: AddPerson(...)
Info -  API call: AddPersonAtPtWithCheck(...)
Info -  API call: AddPerson(...)
Info -  API call: DeleteExitsInMovePlane(...)
Info -  API call: DeleteExit(...)
Info -  API call: DeleteExit(...)
Info -  API call: DeleteExit(...)
Info -  API call: DeleteMovePlane(...)
Info -  API call: DeleteFloor(...)
Info -  API call: PrepareMovePlaneBufForFloor(...)
Info -  API call: SetMovePlaneBufTitle(...)
Info -  API call: AddLinesToMovePlaneBuf(...)
Info -  API call: AddLinesToMovePlaneBuf(...)
Info -  API call: AddFloorFromMovePlaneBuf(...)
Info -  API call: AddExit(...)
Info -  API call: AddPersonAtPtWithCheck(...)
Info -  API call: AddPerson(...)
Info -  API call: AddPersonAtPtWithCheck(...)
Info -  API call: AddPerson(...)
Info -  API call: AddPersonAtPtWithCheck(...)
Info -  API call: AddPerson(...)
Info -  API call: AddPersonAtPtWithCheck(...)
Info -  API call: AddPerson(...)
Info -  API call: AddExit(...)
Info -  API call: AddPersonAtPtWithCheck(...)
Info -  API call: AddPerson(...)
Info -  API call: AddPersonAtPtWithCheck(...)
Info -  API call: AddPerson(...)
Info -  API call: AddExit(...)
Info -  API call: AddPersonAtPtWithCheck(...)
Info -  API call: AddPerson(...)
Info -  API call: AddPersonAtPtWithCheck(...)
Info -  API call: AddPerson(...)
Info -  API call: AddPersonAtPtWithCheck(...)
Info -  API call: AddPerson(...)
Info -  API call: AddPersonAtPtWithCheck(...)
Info -  API call: AddPerson(...)
Info -  API call: AddPersonAtPtWithCheck(...)
Info -  API call: AddPerson(...)
Info -  API call: AddPersonAtPtWithCheck(...)
Info -  API call: AddPerson(...)
Info -  API call: AddPersonAtPtWithCheck(...)
Info -  API call: AddPerson(...)
Info -  API call: AddPersonAtPtWithCheck(...)
Info -  API call: AddPerson(...)
Info -  API call: AddExit(...)
Info -  API call: AddPersonAtPtWithCheck(...)
Info -  API call: AddPerson(...)
Info -  API call: AddPersonAtPtWithCheck(...)
Info -  API call: AddPerson(...)
Info -  API call: AddPersonAtPtWithCheck(...)
Info -  API call: AddPerson(...)
Info -  API call: AddPersonAtPtWithCheck(...)
Info -  API call: AddPerson(...)
Info -  API call: AddPersonAtPtWithCheck(...)
Info -  API call: AddPerson(...)
Info -  API call: AddPersonAtPtWithCheck(...)
Info -  API call: AddPerson(...)
Info -  API call: AddPersonAtPtWithCheck(...)
Info -  API call: AddPerson(...)
Info -  API call: DeleteExitsInMovePlane(...)
Info -  API call: DeleteExit(...)
Info -  API call: DeleteExit(...)
Info -  API call: DeleteExit(...)
Info -  API call: DeleteExit(...)
Info -  API call: DeleteMovePlane(...)
Info -  API call: DeleteFloor(...)
Info -  API call: StoreProjectPath(...)
Info -  API call: StoreProjectPath(...)
Error -  Model Error: Invalid number of people!
Info -  API call: SetMovePlaneBufSpaceDims(...)
Info -  API call: CalculateMovePlaneBufMapBlocks(...)
Info -  API call: AddFloorFromMovePlaneBuf(...)
Info -  API call: AddPersonAtPtWithCheck(...)
Info -  API call: AddPerson(...)
Info -  API call: AddPersonAtPtWithCheck(...)
Info -  API call: AddPerson(...)
Info -  API call: AddPersonAtPtWithCheck(...)
Info -  API call: AddPerson(...)
Info -  API call: AddPersonAtPtWithCheck(...)
Info -  API call: AddPerson(...)
Info -  API call: AddPersonAtPtWithCheck(...)
Info -  API call: AddPerson(...)
Info -  API call: AddPersonAtPtWithCheck(...)
Info -  API call: AddPerson(...)
Info -  API call: AddPersonAtPtWithCheck(...)
Info -  API call: AddPerson(...)
Info -  API call: AddPersonAtPtWithCheck(...)
Info -  API call: AddPerson(...)
Info -  API call: AddPersonAtPtWithCheck(...)
Info -  API call: AddPerson(...)
Info -  API call: AddPersonAtPtWithCheck(...)
Info -  API call: AddPerson(...)
Info -  API call: AddPersonAtPtWithCheck(...)
Info -  API call: AddPerson(...)
Info -  API call: AddPersonAtPtWithCheck(...)
Info -  API call: AddPerson(...)
Info -  API call: AddPersonAtPtWithCheck(...)
Info -  API call: AddPerson(...)
Info -  API call: AddPersonAtPtWithCheck(...)
Info -  API call: AddPerson(...)
Info -  API call: AddPersonAtPtWithCheck(...)
Info -  API call: AddPerson(...)
Info -  API call: AddPersonAtPtWithCheck(...)
Info -  API call: AddPerson(...)
Info -  API call: AddPersonAtPtWithCheck(...)
Info -  API call: AddPerson(...)
Info -  API call: AddPersonAtPtWithCheck(...)
Info -  API call: AddPerson(...)
Info -  API call: AddPersonAtPtWithCheck(...)
Info -  API call: AddPerson(...)
Info -  API call: AddPersonAtPtWithCheck(...)
Info -  API call: AddPerson(...)
Info -  API call: AddPersonAtPtWithCheck(...)
Info -  API call: AddPerson(...)
Info -  API call: AddPersonAtPtWithCheck(...)
Info -  API call: AddPerson(...)
Info -  API call: AddPersonAtPtWithCheck(...)
Info -  API call: AddPerson(...)
Info -  API call: AddPersonAtPtWithCheck(...)
Info -  API call: AddPerson(...)
Info -  API call: AddPersonAtPtWithCheck(...)
Info -  API call: AddPerson(...)
Info -  API call: AddPersonAtPtWithCheck(...)
Info -  API call: AddPerson(...)
Info -  API call: AddPersonAtPtWithCheck(...)
Info -  API call: AddPerson(...)
Info -  API call: DeleteExitsInMovePlane(...)
Info -  API call: DeleteExit(...)
Info -  API call: DeleteExit(...)
Info -  API call: DeleteExit(...)
Info -  API call: DeleteExit(...)
Info -  API call: DeleteMovePlane(...)
Info -  API call: DeleteFloor(...)
Info -  API call: StoreProjectPath(...)
Info -  API call: StoreProjectPath(...)
Error -  Model Error: Invalid number of people!
Info -  API call: SetMovePlaneBufSpaceDims(...)
Info -  API call: CalculateMovePlaneBufMapBlocks(...)
Info -  API call: AddFloorFromMovePlaneBuf(...)
Info -  API call: AddPersonAtPtWithCheck(...)
Info -  API call: AddPerson(...)
Info -  API call: AddPersonAtPtWithCheck(...)
Info -  API call: AddPerson(...)
Info -  API call: AddPersonAtPtWithCheck(...)
Info -  API call: AddPerson(...)
Info -  API call: AddPersonAtPtWithCheck(...)
Info -  API call: AddPerson(...)
Info -  API call: AddPersonAtPtWithCheck(...)
Info -  API call: AddPerson(...)
Info -  API call: AddPersonAtPtWithCheck(...)
Info -  API call: AddPerson(...)
Info -  API call: AddPersonAtPtWithCheck(...)
Info -  API call: AddPerson(...)
Info -  API call: AddPersonAtPtWithCheck(...)
Info -  API call: AddPerson(...)
Info -  API call: AddPersonAtPtWithCheck(...)
Info -  API call: AddPerson(...)
Info -  API call: AddPersonAtPtWithCheck(...)
Info -  API call: AddPerson(...)
Info -  API call: AddPersonAtPtWithCheck(...)
Info -  API call: AddPerson(...)
Info -  API call: AddPersonAtPtWithCheck(...)
Info -  API call: AddPerson(...)
Info -  API call: AddPersonAtPtWithCheck(...)
Info -  API call: AddPerson(...)
Info -  API call: AddPersonAtPtWithCheck(...)
Info -  API call: AddPerson(...)
Info -  API call: AddPersonAtPtWithCheck(...)
Info -  API call: AddPerson(...)
Info -  API call: AddPersonAtPtWithCheck(...)
Info -  API call: AddPerson(...)
Info -  API call: AddPersonAtPtWithCheck(...)
Info -  API call: AddPerson(...)
Info -  API call: AddPersonAtPtWithCheck(...)
Info -  API call: AddPerson(...)
Info -  API call: AddPersonAtPtWithCheck(...)
Info -  API call: AddPerson(...)
Info -  API call: AddPersonAtPtWithCheck(...)
Info -  API call: AddPerson(...)
Info -  API call: AddPersonAtPtWithCheck(...)
Info -  API call: AddPerson(...)
Info -  API call: AddPersonAtPtWithCheck(...)
Info -  API call: AddPerson(...)
Info -  API call: AddPersonAtPtWithCheck(...)
Info -  API call: AddPerson(...)
Info -  API call: AddPersonAtPtWithCheck(...)
Info -  API call: AddPerson(...)
Info -  API call: DeleteExitsInMovePlane(...)
Info -  API call: DeleteExit(...)
Info -  API call: DeleteExit(...)
Info -  API call: DeleteExit(...)
Info -  API call: DeleteMovePlane(...)
Info -  API call: DeleteFloor(...)
Info -  API call: StoreProjectPath(...)
Info -  API call: StoreProjectPath(...)
Error -  Model Error: Invalid number of people!
Info -  API call: SetMovePlaneBufSpaceDims(...)
Info -  API call: CalculateMovePlaneBufMapBlocks(...)
Info -  API call: AddFloorFromMovePlaneBuf(...)
Info -  API call: AddPersonAtPtWithCheck(...)
Info -  API call: AddPerson(...)
Info -  API call: AddPersonAtPtWithCheck(...)
Info -  API call: AddPerson(...)
Info -  API call: AddPersonAtPtWithCheck(...)
Info -  API call: AddPerson(...)
Info -  API call: AddPersonAtPtWithCheck(...)
Info -  API call: AddPerson(...)
Info -  API call: AddPersonAtPtWithCheck(...)
Info -  API call: AddPerson(...)
Info -  API call: AddPersonAtPtWithCheck(...)
Info -  API call: AddPerson(...)
Info -  API call: AddPersonAtPtWithCheck(...)
Info -  API call: AddPerson(...)
Info -  API call: AddPersonAtPtWithCheck(...)
Info -  API call: AddPerson(...)
Info -  API call: AddPersonAtPtWithCheck(...)
Info -  API call: AddPerson(...)
Info -  API call: AddPersonAtPtWithCheck(...)
Info -  API call: AddPerson(...)
Info -  API call: AddPersonAtPtWithCheck(...)
Info -  API call: AddPerson(...)
Info -  API call: AddPersonAtPtWithCheck(...)
Info -  API call: AddPerson(...)
Info -  API call: AddPersonAtPtWithCheck(...)
Info -  API call: AddPerson(...)
Info -  API call: AddPersonAtPtWithCheck(...)
Info -  API call: AddPerson(...)
Info -  API call: AddPersonAtPtWithCheck(...)
Info -  API call: AddPerson(...)
Info -  API call: AddPersonAtPtWithCheck(...)
Info -  API call: AddPerson(...)
Info -  API call: AddPersonAtPtWithCheck(...)
Info -  API call: AddPerson(...)
Info -  API call: AddPersonAtPtWithCheck(...)
Info -  API call: AddPerson(...)
Info -  API call: AddPersonAtPtWithCheck(...)
Info -  API call: AddPerson(...)
Info -  API call: AddPersonAtPtWithCheck(...)
Info -  API call: AddPerson(...)
Info -  API call: AddPersonAtPtWithCheck(...)
Info -  API call: AddPerson(...)
